../Core/Src/main.c:111:5:_write	24	static
../Core/Src/main.c:116:6:USB_CDC_RxHandler	16	static
../Core/Src/main.c:126:6:HAL_TIM_PeriodElapsedCallback	16	static
../Core/Src/main.c:140:5:main	72	static
../Core/Src/main.c:331:6:SystemClock_Config	88	static
../Core/Src/main.c:377:13:MX_I2C1_Init	8	static
../Core/Src/main.c:411:13:MX_TIM1_Init	96	static
../Core/Src/main.c:486:13:MX_TIM2_Init	64	static
../Core/Src/main.c:545:13:MX_TIM3_Init	56	static
../Core/Src/main.c:594:13:MX_TIM4_Init	32	static
../Core/Src/main.c:639:13:MX_TIM5_Init	56	static
../Core/Src/main.c:695:13:MX_GPIO_Init	48	static
../Core/Src/main.c:746:6:Error_Handler	4	static,ignoring_inline_asm
