../Core/Src/main.c:100:5:_write	24	static
../Core/Src/main.c:105:6:USB_CDC_RxHandler	16	static
../Core/Src/main.c:115:6:HAL_TIM_PeriodElapsedCallback	16	static
../Core/Src/main.c:129:5:main	16	static
../Core/Src/main.c:249:6:SystemClock_Config	88	static
../Core/Src/main.c:295:13:MX_I2C1_Init	8	static
../Core/Src/main.c:329:13:MX_TIM1_Init	96	static
../Core/Src/main.c:404:13:MX_TIM2_Init	64	static
../Core/Src/main.c:463:13:MX_TIM3_Init	56	static
../Core/Src/main.c:512:13:MX_TIM4_Init	32	static
../Core/Src/main.c:557:13:MX_TIM5_Init	56	static
../Core/Src/main.c:606:13:MX_GPIO_Init	48	static
../Core/Src/main.c:657:6:Error_Handler	4	static,ignoring_inline_asm
