../Core/Src/main.c:110:5:_write	2
../Core/Src/main.c:117:6:USB_CDC_RxHandler	1
../Core/Src/main.c:127:6:HAL_TIM_PeriodElapsedCallback	3
../Core/Src/main.c:146:6:HAL_UART_RxCpltCallback	3
../Core/Src/main.c:176:5:main	7
../Core/Src/main.c:343:6:SystemClock_Config	3
../Core/Src/main.c:389:13:MX_I2C1_Init	2
../Core/Src/main.c:423:13:MX_TIM1_Init	7
../Core/Src/main.c:498:13:MX_TIM2_Init	6
../Core/Src/main.c:557:13:MX_TIM3_Init	3
../Core/Src/main.c:606:13:MX_TIM4_Init	4
../Core/Src/main.c:651:13:MX_TIM5_Init	4
../Core/Src/main.c:696:13:MX_USART2_UART_Init	2
../Core/Src/main.c:729:13:MX_GPIO_Init	1
../Core/Src/main.c:780:6:Error_Handler	1
